---
source: tests/vec.rs
assertion_line: 159
expression: result
---
Err(
    JsonError {
        kind: MissingField {
            field: "bar",
            object_start: Some(
                Span {
                    start: 61,
                    len: 1,
                },
            ),
            object_end: Some(
                Span {
                    start: 85,
                    len: 1,
                },
            ),
        },
        span: None,
        source_code: Some(
            "[\n    {\n        \"foo\": 32,\n        \"bar\": \"hello\"\n    },\n    {\n        \"foo\": 64\n    }\n]",
        ),
    },
)
